Usando la configuración de inicio de backend-dotnet\src\Api\Properties\launchSettings.json...
Compilando...
info: Microsoft.Hosting.Lifetime[14]
      Now listening on: http://localhost:5000
info: Microsoft.Hosting.Lifetime[0]
      Application started. Press Ctrl+C to shut down.
info: Microsoft.Hosting.Lifetime[0]
      Hosting environment: Development
info: Microsoft.Hosting.Lifetime[0]
      Content root path: C:\xampp\htdocs\Sistema I.L.C.D.IA\backend-dotnet\src\Api
warn: Microsoft.AspNetCore.HttpsPolicy.HttpsRedirectionMiddleware[3]
      Failed to determine the https port for redirect.
info: Api.Middlewares.RequestLoggingMiddleware[0]
      POST /api/auth/login responded 200 in 590ms User=anonymous CorrelationId=8e8bcbf0-68e9-4462-b937-b75f4b0f0103
fail: Api.Middlewares.ExceptionHandlingMiddleware[0]
      Unhandled exception. CorrelationId=ea49466c-f940-438c-bbe5-2d9e18f0166a
      System.InvalidOperationException: Documento no encontrado.
         at Infrastructure.Services.DocumentService.MarkFailedAsync(Guid id, String reason, CancellationToken cancellationToken) in C:\xampp\htdocs\Sistema I.L.C.D.IA\backend-dotnet\src\Infrastructure\Services\DocumentService.cs:line 332
         at Api.Controllers.DocumentsController.MarkFailed(Guid id, DocumentFailRequest request, String reason, CancellationToken cancellationToken) in C:\xampp\htdocs\Sistema I.L.C.D.IA\backend-dotnet\src\Api\Controllers\DocumentsController.cs:line 140
         at Microsoft.AspNetCore.Mvc.Infrastructure.ActionMethodExecutor.TaskOfIActionResultExecutor.Execute(ActionContext actionContext, IActionResultTypeMapper mapper, ObjectMethodExecutor executor, Object controller, Object[] arguments)
         at Microsoft.AspNetCore.Mvc.Infrastructure.ControllerActionInvoker.<InvokeActionMethodAsync>g__Awaited|12_0(ControllerActionInvoker invoker, ValueTask`1 actionResultValueTask)
         at Microsoft.AspNetCore.Mvc.Infrastructure.ControllerActionInvoker.<InvokeNextActionFilterAsync>g__Awaited|10_0(ControllerActionInvoker invoker, Task lastTask, State next, Scope scope, Object state, Boolean isCompleted)
         at Microsoft.AspNetCore.Mvc.Infrastructure.ControllerActionInvoker.Rethrow(ActionExecutedContextSealed context)
         at Microsoft.AspNetCore.Mvc.Infrastructure.ControllerActionInvoker.Next(State& next, Scope& scope, Object& state, Boolean& isCompleted)
         at Microsoft.AspNetCore.Mvc.Infrastructure.ControllerActionInvoker.InvokeInnerFilterAsync()
      --- End of stack trace from previous location ---
         at Microsoft.AspNetCore.Mvc.Infrastructure.ResourceInvoker.<InvokeFilterPipelineAsync>g__Awaited|20_0(ResourceInvoker invoker, Task lastTask, State next, Scope scope, Object state, Boolean isCompleted)
         at Microsoft.AspNetCore.Mvc.Infrastructure.ResourceInvoker.<InvokeAsync>g__Awaited|17_0(ResourceInvoker invoker, Task task, IDisposable scope)
         at Microsoft.AspNetCore.Mvc.Infrastructure.ResourceInvoker.<InvokeAsync>g__Awaited|17_0(ResourceInvoker invoker, Task task, IDisposable scope)
         at Microsoft.AspNetCore.Authorization.AuthorizationMiddleware.Invoke(HttpContext context)
         at Microsoft.AspNetCore.Authentication.AuthenticationMiddleware.Invoke(HttpContext context)
         at Microsoft.AspNetCore.RateLimiting.RateLimitingMiddleware.InvokeInternal(HttpContext context, EnableRateLimitingAttribute enableRateLimitingAttribute)
         at Api.Middlewares.SecurityHeadersMiddleware.InvokeAsync(HttpContext context) in C:\xampp\htdocs\Sistema I.L.C.D.IA\backend-dotnet\src\Api\Middlewares\SecurityHeadersMiddleware.cs:line 21
         at Api.Middlewares.RequestLoggingMiddleware.InvokeAsync(HttpContext context) in C:\xampp\htdocs\Sistema I.L.C.D.IA\backend-dotnet\src\Api\Middlewares\RequestLoggingMiddleware.cs:line 27
         at Api.Middlewares.ExceptionHandlingMiddleware.InvokeAsync(HttpContext context) in C:\xampp\htdocs\Sistema I.L.C.D.IA\backend-dotnet\src\Api\Middlewares\ExceptionHandlingMiddleware.cs:line 21
info: Api.Middlewares.RequestLoggingMiddleware[0]
      OPTIONS /api/system/info responded 204 in 1ms User=anonymous CorrelationId=cb150dd7-5c87-4849-8f76-36d2cd4aa0f3
info: Api.Middlewares.RequestLoggingMiddleware[0]
      GET /api/system/info responded 200 in 11ms User=alejandro calderon CorrelationId=eded1fc6-a820-4dd6-8b0d-2d8d6c1d01c2
info: Api.Middlewares.RequestLoggingMiddleware[0]
      OPTIONS /api/documents responded 204 in 0ms User=anonymous CorrelationId=af24ef40-32ed-43c7-8e1d-f1049b13e091
info: Api.Middlewares.RequestLoggingMiddleware[0]
      GET /api/documents responded 200 in 77ms User=alejandro calderon CorrelationId=c937176e-505b-49e8-ab01-25a5174d49fa
info: Api.Middlewares.RequestLoggingMiddleware[0]
      OPTIONS /api/system/info responded 204 in 0ms User=anonymous CorrelationId=64a99b50-5c3c-49cb-a09a-a993cb32fb20
info: Api.Middlewares.RequestLoggingMiddleware[0]
      GET /api/system/info responded 200 in 0ms User=alejandro calderon CorrelationId=9f86b547-5649-449f-9849-9ff86d3d31ed
info: Api.Middlewares.RequestLoggingMiddleware[0]
      OPTIONS /api/documents responded 204 in 0ms User=anonymous CorrelationId=75309074-d602-489d-97eb-c249e34ccc4c
info: Api.Middlewares.RequestLoggingMiddleware[0]
      GET /api/documents responded 200 in 23ms User=alejandro calderon CorrelationId=03aca8e3-59e7-4ff2-92bb-0ce6f321d3d1
info: Api.Middlewares.RequestLoggingMiddleware[0]
      OPTIONS /api/system/info responded 204 in 0ms User=anonymous CorrelationId=1d1cb57f-3a49-4e04-8c9d-3aeca923bde1
info: Api.Middlewares.RequestLoggingMiddleware[0]
      GET /api/system/info responded 200 in 0ms User=alejandro calderon CorrelationId=96b4e39d-34c3-415e-be7d-45992de5640c
info: Api.Middlewares.RequestLoggingMiddleware[0]
      OPTIONS /api/documents responded 204 in 0ms User=anonymous CorrelationId=8b9dad95-ef24-433e-b2ad-574768eefde4
info: Api.Middlewares.RequestLoggingMiddleware[0]
      GET /api/documents responded 200 in 2ms User=alejandro calderon CorrelationId=f4cddaa9-223e-4ba4-a5ed-a6ebf4a739a4
info: Api.Middlewares.RequestLoggingMiddleware[0]
      GET /api/documents responded 200 in 2ms User=alejandro calderon CorrelationId=302de648-2076-48ed-a054-4e4c1882cf1c
info: Api.Middlewares.RequestLoggingMiddleware[0]
      OPTIONS /api/system/metrics responded 204 in 0ms User=anonymous CorrelationId=7adf2b73-4eb2-4c3e-9b27-773dee5ea6b1
info: Api.Middlewares.RequestLoggingMiddleware[0]
      GET /api/system/metrics responded 200 in 8ms User=alejandro calderon CorrelationId=12e2c927-632a-45ab-b5b2-6250b22893f7
info: Api.Middlewares.RequestLoggingMiddleware[0]
      OPTIONS /api/documents responded 204 in 0ms User=anonymous CorrelationId=5b0d1886-117b-4597-a21a-12a2d9e4a3eb
info: Api.Middlewares.RequestLoggingMiddleware[0]
      GET /api/documents responded 200 in 1ms User=alejandro calderon CorrelationId=7f560a58-2c1d-4378-b45f-ce2332011fcc
info: Api.Middlewares.RequestLoggingMiddleware[0]
      OPTIONS /api/auth/logout responded 204 in 0ms User=anonymous CorrelationId=8ccadd86-7528-4023-95af-033a84d228ce
info: Api.Middlewares.RequestLoggingMiddleware[0]
      POST /api/auth/logout responded 400 in 9ms User=anonymous CorrelationId=b5dda5ac-45e4-4893-ac55-5897be547078
info: Api.Middlewares.RequestLoggingMiddleware[0]
      OPTIONS /api/auth/login responded 204 in 0ms User=anonymous CorrelationId=49249754-9cb3-423c-8cee-914d99d62ada
info: Api.Middlewares.RequestLoggingMiddleware[0]
      POST /api/auth/login responded 200 in 0ms User=anonymous CorrelationId=7e2615bc-ea5d-4139-8f7f-d0d4cf40b18b
info: Api.Middlewares.RequestLoggingMiddleware[0]
      OPTIONS /api/documents responded 204 in 0ms User=anonymous CorrelationId=9f84bf55-5e56-4eba-911b-15b398b72d62
info: Api.Middlewares.RequestLoggingMiddleware[0]
      GET /api/documents responded 200 in 1ms User=alejandro calderon CorrelationId=dd5f1088-692e-4639-84bc-f1fd1163fe86
info: Api.Middlewares.RequestLoggingMiddleware[0]
      OPTIONS /api/documents/upload responded 204 in 0ms User=anonymous CorrelationId=02970249-19e5-4edd-9424-ee45c8d55eeb
info: Microsoft.EntityFrameworkCore.Update[30100]
      Saved 1 entities to in-memory store.
info: Api.Middlewares.RequestLoggingMiddleware[0]
      POST /api/documents/upload responded 200 in 124ms User=alejandro calderon CorrelationId=9bb0eba9-ecdf-4e9c-a94d-2de674984c2f
info: Api.Middlewares.RequestLoggingMiddleware[0]
      OPTIONS /api/documents responded 204 in 0ms User=anonymous CorrelationId=fcf3edc4-768c-4217-831c-70188e77d738
info: Api.Middlewares.RequestLoggingMiddleware[0]
      GET /api/documents responded 200 in 10ms User=alejandro calderon CorrelationId=1ebf542e-f12b-4c46-ae4d-42b01e3356b1
info: Api.Middlewares.RequestLoggingMiddleware[0]
      OPTIONS /api/documents/1d520297-71e8-46e0-94f5-efde4cd5c81f responded 204 in 0ms User=anonymous CorrelationId=52d923fc-f97b-4ad4-83ae-375e970d2440
info: Api.Middlewares.RequestLoggingMiddleware[0]
      OPTIONS /api/documents/1d520297-71e8-46e0-94f5-efde4cd5c81f/logs responded 204 in 0ms User=anonymous CorrelationId=f212dc30-84e6-447c-b2eb-1dda6579d92b
info: Api.Middlewares.RequestLoggingMiddleware[0]
      GET /api/documents/1d520297-71e8-46e0-94f5-efde4cd5c81f/logs responded 200 in 12ms User=alejandro calderon CorrelationId=51e9687c-60d0-4989-9f11-14aa56b27ede
info: Api.Middlewares.RequestLoggingMiddleware[0]
      GET /api/documents/1d520297-71e8-46e0-94f5-efde4cd5c81f responded 200 in 48ms User=alejandro calderon CorrelationId=c8fb0c94-6675-4300-b3ff-bcd70fc13e40
info: Api.Middlewares.RequestLoggingMiddleware[0]
      OPTIONS /api/documents/1d520297-71e8-46e0-94f5-efde4cd5c81f/process responded 204 in 0ms User=anonymous CorrelationId=09efcfa5-4e81-45c4-bcde-9b29e2370863
info: Microsoft.EntityFrameworkCore.Update[30100]
      Saved 2 entities to in-memory store.
info: Microsoft.EntityFrameworkCore.Update[30100]
      Saved 1 entities to in-memory store.
info: System.Net.Http.HttpClient.IPythonAiClient.LogicalHandler[100]
      Start processing HTTP request POST http://localhost:8000/process-document
info: System.Net.Http.HttpClient.IPythonAiClient.ClientHandler[100]
      Sending HTTP request POST http://localhost:8000/process-document
info: Api.Middlewares.RequestLoggingMiddleware[0]
      OPTIONS /api/documents/1d520297-71e8-46e0-94f5-efde4cd5c81f responded 204 in 0ms User=anonymous CorrelationId=3c6d6329-1ae6-43f8-90f5-5112b6238581
info: Api.Middlewares.RequestLoggingMiddleware[0]
      GET /api/documents/1d520297-71e8-46e0-94f5-efde4cd5c81f responded 200 in 8ms User=alejandro calderon CorrelationId=4c208bce-37ed-42e6-acee-0b1a55595e44
info: System.Net.Http.HttpClient.IPythonAiClient.ClientHandler[101]
      Received HTTP response headers after 9184.0399ms - 200
info: System.Net.Http.HttpClient.IPythonAiClient.LogicalHandler[101]
      End processing HTTP request after 9193.2525ms - 200
info: Microsoft.EntityFrameworkCore.Update[30100]
      Saved 10 entities to in-memory store.
info: Api.Middlewares.RequestLoggingMiddleware[0]
      POST /api/documents/1d520297-71e8-46e0-94f5-efde4cd5c81f/process responded 200 in 9296ms User=alejandro calderon CorrelationId=5bdd3f52-38d6-4345-9f0e-6faddffbf9c0
info: Api.Middlewares.RequestLoggingMiddleware[0]
      GET /api/documents/1d520297-71e8-46e0-94f5-efde4cd5c81f responded 200 in 7ms User=alejandro calderon CorrelationId=3331e35f-3ffe-434f-a2c9-cccb1b112161
info: Api.Middlewares.RequestLoggingMiddleware[0]
      OPTIONS /api/documents responded 204 in 0ms User=anonymous CorrelationId=f0a2be80-fcf6-4207-b885-1910e3053057
info: Api.Middlewares.RequestLoggingMiddleware[0]
      GET /api/documents responded 200 in 2ms User=alejandro calderon CorrelationId=6a46b1df-238a-41e0-a547-902a4337f18c
info: Api.Middlewares.RequestLoggingMiddleware[0]
      OPTIONS /api/documents/1d520297-71e8-46e0-94f5-efde4cd5c81f/logs responded 204 in 0ms User=anonymous CorrelationId=89358bc3-f5ae-4b33-bc77-4907d22db497
info: Api.Middlewares.RequestLoggingMiddleware[0]
      GET /api/documents/1d520297-71e8-46e0-94f5-efde4cd5c81f responded 200 in 1ms User=alejandro calderon CorrelationId=ef977466-e9c8-4126-8574-8ddf5b3d11e1
info: Api.Middlewares.RequestLoggingMiddleware[0]
      GET /api/documents/1d520297-71e8-46e0-94f5-efde4cd5c81f/logs responded 200 in 4ms User=alejandro calderon CorrelationId=f2a23dc5-a197-413c-9093-005bc8dc6dc5
info: Api.Middlewares.RequestLoggingMiddleware[0]
      OPTIONS /api/documents/1d520297-71e8-46e0-94f5-efde4cd5c81f responded 204 in 0ms User=anonymous CorrelationId=c692364f-ffc6-49af-b3f5-4a73f507f5cd
info: Api.Middlewares.RequestLoggingMiddleware[0]
      GET /api/documents/1d520297-71e8-46e0-94f5-efde4cd5c81f responded 200 in 1ms User=alejandro calderon CorrelationId=88a5b60d-1a6e-4691-aaa9-54b5f07b3dd5
info: Api.Middlewares.RequestLoggingMiddleware[0]
      OPTIONS /api/documents responded 204 in 0ms User=anonymous CorrelationId=c208a751-d075-4491-8275-b1ca2e2ca4ef
info: Api.Middlewares.RequestLoggingMiddleware[0]
      GET /api/documents responded 200 in 2ms User=alejandro calderon CorrelationId=c46f5154-49fc-45c1-8f1b-c2a50ad89394
